
===========================================================================
report_checks -path_delay min (Hold)
============================================================================
Startpoint: _62510_ (rising edge-triggered flip-flop clocked by wb_clk_i)
Endpoint: _62087_ (rising edge-triggered flip-flop clocked by wb_clk_i)
Path Group: wb_clk_i
Path Type: min

Fanout     Cap    Slew   Delay    Time   Description
-----------------------------------------------------------------------------
                          0.00    0.00   clock wb_clk_i (rise edge)
                          0.00    0.00   clock source latency
                  1.52    1.05    1.05 ^ wb_clk_i (in)
     2    0.19                           wb_clk_i (net)
                  1.53    0.00    1.05 ^ clkbuf_0_wb_clk_i/A (sky130_fd_sc_hd__clkbuf_16)
                  0.09    0.33    1.39 ^ clkbuf_0_wb_clk_i/X (sky130_fd_sc_hd__clkbuf_16)
     4    0.03                           clknet_0_wb_clk_i (net)
                  0.09    0.00    1.39 ^ clkbuf_1_1_0_wb_clk_i/A (sky130_fd_sc_hd__clkbuf_2)
                  0.08    0.14    1.53 ^ clkbuf_1_1_0_wb_clk_i/X (sky130_fd_sc_hd__clkbuf_2)
     1    0.01                           clknet_1_1_0_wb_clk_i (net)
                  0.08    0.00    1.53 ^ clkbuf_1_1_1_wb_clk_i/A (sky130_fd_sc_hd__clkbuf_2)
                  0.07    0.13    1.66 ^ clkbuf_1_1_1_wb_clk_i/X (sky130_fd_sc_hd__clkbuf_2)
     1    0.01                           clknet_1_1_1_wb_clk_i (net)
                  0.07    0.00    1.66 ^ clkbuf_1_1_2_wb_clk_i/A (sky130_fd_sc_hd__clkbuf_2)
                  0.39    0.33    1.99 ^ clkbuf_1_1_2_wb_clk_i/X (sky130_fd_sc_hd__clkbuf_2)
     4    0.07                           clknet_1_1_2_wb_clk_i (net)
                  0.39    0.01    2.00 ^ clkbuf_2_3_0_wb_clk_i/A (sky130_fd_sc_hd__clkbuf_2)
                  0.09    0.21    2.21 ^ clkbuf_2_3_0_wb_clk_i/X (sky130_fd_sc_hd__clkbuf_2)
     1    0.01                           clknet_2_3_0_wb_clk_i (net)
                  0.09    0.00    2.21 ^ clkbuf_2_3_1_wb_clk_i/A (sky130_fd_sc_hd__clkbuf_2)
                  0.24    0.25    2.46 ^ clkbuf_2_3_1_wb_clk_i/X (sky130_fd_sc_hd__clkbuf_2)
     4    0.04                           clknet_2_3_1_wb_clk_i (net)
                  0.24    0.00    2.46 ^ clkbuf_3_6_0_wb_clk_i/A (sky130_fd_sc_hd__clkbuf_2)
                  0.07    0.17    2.63 ^ clkbuf_3_6_0_wb_clk_i/X (sky130_fd_sc_hd__clkbuf_2)
     1    0.01                           clknet_3_6_0_wb_clk_i (net)
                  0.07    0.00    2.63 ^ clkbuf_3_6_1_wb_clk_i/A (sky130_fd_sc_hd__clkbuf_2)
                  0.19    0.21    2.84 ^ clkbuf_3_6_1_wb_clk_i/X (sky130_fd_sc_hd__clkbuf_2)
     4    0.03                           clknet_3_6_1_wb_clk_i (net)
                  0.19    0.00    2.84 ^ clkbuf_4_12_0_wb_clk_i/A (sky130_fd_sc_hd__clkbuf_2)
                  0.18    0.23    3.07 ^ clkbuf_4_12_0_wb_clk_i/X (sky130_fd_sc_hd__clkbuf_2)
     4    0.03                           clknet_4_12_0_wb_clk_i (net)
                  0.18    0.00    3.08 ^ clkbuf_5_24_0_wb_clk_i/A (sky130_fd_sc_hd__clkbuf_2)
                  1.08    0.81    3.88 ^ clkbuf_5_24_0_wb_clk_i/X (sky130_fd_sc_hd__clkbuf_2)
    26    0.20                           clknet_5_24_0_wb_clk_i (net)
                  1.08    0.01    3.90 ^ clkbuf_leaf_159_wb_clk_i/A (sky130_fd_sc_hd__clkbuf_16)
                  0.08    0.31    4.21 ^ clkbuf_leaf_159_wb_clk_i/X (sky130_fd_sc_hd__clkbuf_16)
    13    0.04                           clknet_leaf_159_wb_clk_i (net)
                  0.08    0.00    4.21 ^ _62510_/CLK (sky130_fd_sc_hd__dfxtp_1)
                  0.07    0.32    4.53 ^ _62510_/Q (sky130_fd_sc_hd__dfxtp_1)
     2    0.01                           accel.sudoku.puzzle1.count_row[8][2] (net)
                  0.07    0.00    4.53 ^ _50440_/B (sky130_fd_sc_hd__or4b_1)
                  0.05    0.11    4.64 ^ _50440_/X (sky130_fd_sc_hd__or4b_1)
     1    0.00                           _27644_ (net)
                  0.05    0.00    4.64 ^ hold7/A (sky130_fd_sc_hd__clkdlybuf4s25_1)
                  0.09    0.26    4.90 ^ hold7/X (sky130_fd_sc_hd__clkdlybuf4s25_1)
     1    0.01                           net190 (net)
                  0.09    0.00    4.90 ^ _50443_/A2 (sky130_fd_sc_hd__o21ai_1)
                  0.03    0.06    4.96 v _50443_/Y (sky130_fd_sc_hd__o21ai_1)
     1    0.00                           _08465_ (net)
                  0.03    0.00    4.96 v _62087_/D (sky130_fd_sc_hd__dfxtp_1)
                                  4.96   data arrival time

                          0.00    0.00   clock wb_clk_i (rise edge)
                          0.00    0.00   clock source latency
                  1.52    1.16    1.16 ^ wb_clk_i (in)
     2    0.19                           wb_clk_i (net)
                  1.53    0.00    1.16 ^ clkbuf_0_wb_clk_i/A (sky130_fd_sc_hd__clkbuf_16)
                  0.09    0.37    1.53 ^ clkbuf_0_wb_clk_i/X (sky130_fd_sc_hd__clkbuf_16)
     4    0.03                           clknet_0_wb_clk_i (net)
                  0.09    0.00    1.53 ^ clkbuf_1_0_0_wb_clk_i/A (sky130_fd_sc_hd__clkbuf_2)
                  0.09    0.16    1.69 ^ clkbuf_1_0_0_wb_clk_i/X (sky130_fd_sc_hd__clkbuf_2)
     1    0.01                           clknet_1_0_0_wb_clk_i (net)
                  0.09    0.00    1.69 ^ clkbuf_1_0_1_wb_clk_i/A (sky130_fd_sc_hd__clkbuf_2)
                  0.09    0.16    1.85 ^ clkbuf_1_0_1_wb_clk_i/X (sky130_fd_sc_hd__clkbuf_2)
     1    0.01                           clknet_1_0_1_wb_clk_i (net)
                  0.09    0.00    1.85 ^ clkbuf_1_0_2_wb_clk_i/A (sky130_fd_sc_hd__clkbuf_2)
                  0.29    0.30    2.15 ^ clkbuf_1_0_2_wb_clk_i/X (sky130_fd_sc_hd__clkbuf_2)
     4    0.05                           clknet_1_0_2_wb_clk_i (net)
                  0.29    0.00    2.16 ^ clkbuf_2_1_0_wb_clk_i/A (sky130_fd_sc_hd__clkbuf_2)
                  0.08    0.21    2.37 ^ clkbuf_2_1_0_wb_clk_i/X (sky130_fd_sc_hd__clkbuf_2)
     1    0.01                           clknet_2_1_0_wb_clk_i (net)
                  0.08    0.00    2.37 ^ clkbuf_2_1_1_wb_clk_i/A (sky130_fd_sc_hd__clkbuf_2)
                  0.23    0.26    2.63 ^ clkbuf_2_1_1_wb_clk_i/X (sky130_fd_sc_hd__clkbuf_2)
     4    0.04                           clknet_2_1_1_wb_clk_i (net)
                  0.23    0.00    2.63 ^ clkbuf_3_3_0_wb_clk_i/A (sky130_fd_sc_hd__clkbuf_2)
                  0.07    0.19    2.82 ^ clkbuf_3_3_0_wb_clk_i/X (sky130_fd_sc_hd__clkbuf_2)
     1    0.01                           clknet_3_3_0_wb_clk_i (net)
                  0.07    0.00    2.82 ^ clkbuf_3_3_1_wb_clk_i/A (sky130_fd_sc_hd__clkbuf_2)
                  0.16    0.20    3.03 ^ clkbuf_3_3_1_wb_clk_i/X (sky130_fd_sc_hd__clkbuf_2)
     4    0.03                           clknet_3_3_1_wb_clk_i (net)
                  0.16    0.00    3.03 ^ clkbuf_4_6_0_wb_clk_i/A (sky130_fd_sc_hd__clkbuf_2)
                  0.24    0.29    3.32 ^ clkbuf_4_6_0_wb_clk_i/X (sky130_fd_sc_hd__clkbuf_2)
     4    0.04                           clknet_4_6_0_wb_clk_i (net)
                  0.24    0.00    3.32 ^ clkbuf_5_13_0_wb_clk_i/A (sky130_fd_sc_hd__clkbuf_2)
                  1.54    1.24    4.56 ^ clkbuf_5_13_0_wb_clk_i/X (sky130_fd_sc_hd__clkbuf_2)
    32    0.29                           clknet_5_13_0_wb_clk_i (net)
                  1.55    0.05    4.60 ^ clkbuf_leaf_155_wb_clk_i/A (sky130_fd_sc_hd__clkbuf_16)
                  0.10    0.39    4.99 ^ clkbuf_leaf_155_wb_clk_i/X (sky130_fd_sc_hd__clkbuf_16)
    16    0.05                           clknet_leaf_155_wb_clk_i (net)
                  0.10    0.00    5.00 ^ _62087_/CLK (sky130_fd_sc_hd__dfxtp_1)
                          0.25    5.25   clock uncertainty
                         -0.15    5.10   clock reconvergence pessimism
                         -0.03    5.07   library hold time
                                  5.07   data required time
-----------------------------------------------------------------------------
                                  5.07   data required time
                                 -4.96   data arrival time
-----------------------------------------------------------------------------
                                 -0.11   slack (VIOLATED)


Startpoint: _62072_ (rising edge-triggered flip-flop clocked by wb_clk_i)
Endpoint: _62083_ (rising edge-triggered flip-flop clocked by wb_clk_i)
Path Group: wb_clk_i
Path Type: min

Fanout     Cap    Slew   Delay    Time   Description
-----------------------------------------------------------------------------
                          0.00    0.00   clock wb_clk_i (rise edge)
                          0.00    0.00   clock source latency
                  1.52    1.05    1.05 ^ wb_clk_i (in)
     2    0.19                           wb_clk_i (net)
                  1.53    0.00    1.05 ^ clkbuf_0_wb_clk_i/A (sky130_fd_sc_hd__clkbuf_16)
                  0.09    0.33    1.39 ^ clkbuf_0_wb_clk_i/X (sky130_fd_sc_hd__clkbuf_16)
     4    0.03                           clknet_0_wb_clk_i (net)
                  0.09    0.00    1.39 ^ clkbuf_1_1_0_wb_clk_i/A (sky130_fd_sc_hd__clkbuf_2)
                  0.08    0.14    1.53 ^ clkbuf_1_1_0_wb_clk_i/X (sky130_fd_sc_hd__clkbuf_2)
     1    0.01                           clknet_1_1_0_wb_clk_i (net)
                  0.08    0.00    1.53 ^ clkbuf_1_1_1_wb_clk_i/A (sky130_fd_sc_hd__clkbuf_2)
                  0.07    0.13    1.66 ^ clkbuf_1_1_1_wb_clk_i/X (sky130_fd_sc_hd__clkbuf_2)
     1    0.01                           clknet_1_1_1_wb_clk_i (net)
                  0.07    0.00    1.66 ^ clkbuf_1_1_2_wb_clk_i/A (sky130_fd_sc_hd__clkbuf_2)
                  0.39    0.33    1.99 ^ clkbuf_1_1_2_wb_clk_i/X (sky130_fd_sc_hd__clkbuf_2)
     4    0.07                           clknet_1_1_2_wb_clk_i (net)
                  0.39    0.01    2.00 ^ clkbuf_2_3_0_wb_clk_i/A (sky130_fd_sc_hd__clkbuf_2)
                  0.09    0.21    2.21 ^ clkbuf_2_3_0_wb_clk_i/X (sky130_fd_sc_hd__clkbuf_2)
     1    0.01                           clknet_2_3_0_wb_clk_i (net)
                  0.09    0.00    2.21 ^ clkbuf_2_3_1_wb_clk_i/A (sky130_fd_sc_hd__clkbuf_2)
                  0.24    0.25    2.46 ^ clkbuf_2_3_1_wb_clk_i/X (sky130_fd_sc_hd__clkbuf_2)
     4    0.04                           clknet_2_3_1_wb_clk_i (net)
                  0.24    0.00    2.46 ^ clkbuf_3_6_0_wb_clk_i/A (sky130_fd_sc_hd__clkbuf_2)
                  0.07    0.17    2.63 ^ clkbuf_3_6_0_wb_clk_i/X (sky130_fd_sc_hd__clkbuf_2)
     1    0.01                           clknet_3_6_0_wb_clk_i (net)
                  0.07    0.00    2.63 ^ clkbuf_3_6_1_wb_clk_i/A (sky130_fd_sc_hd__clkbuf_2)
                  0.19    0.21    2.84 ^ clkbuf_3_6_1_wb_clk_i/X (sky130_fd_sc_hd__clkbuf_2)
     4    0.03                           clknet_3_6_1_wb_clk_i (net)
                  0.19    0.00    2.84 ^ clkbuf_4_12_0_wb_clk_i/A (sky130_fd_sc_hd__clkbuf_2)
                  0.18    0.23    3.07 ^ clkbuf_4_12_0_wb_clk_i/X (sky130_fd_sc_hd__clkbuf_2)
     4    0.03                           clknet_4_12_0_wb_clk_i (net)
                  0.18    0.00    3.08 ^ clkbuf_5_24_0_wb_clk_i/A (sky130_fd_sc_hd__clkbuf_2)
                  1.08    0.81    3.88 ^ clkbuf_5_24_0_wb_clk_i/X (sky130_fd_sc_hd__clkbuf_2)
    26    0.20                           clknet_5_24_0_wb_clk_i (net)
                  1.08    0.01    3.90 ^ clkbuf_leaf_158_wb_clk_i/A (sky130_fd_sc_hd__clkbuf_16)
                  0.08    0.30    4.20 ^ clkbuf_leaf_158_wb_clk_i/X (sky130_fd_sc_hd__clkbuf_16)
    10    0.04                           clknet_leaf_158_wb_clk_i (net)
                  0.08    0.00    4.20 ^ _62072_/CLK (sky130_fd_sc_hd__dfxtp_1)
                  0.11    0.34    4.55 ^ _62072_/Q (sky130_fd_sc_hd__dfxtp_1)
     2    0.01                           accel.sudoku.puzzle1.count_row[4][1] (net)
                  0.11    0.00    4.55 ^ _50458_/C (sky130_fd_sc_hd__or4_1)
                  0.04    0.12    4.66 ^ _50458_/X (sky130_fd_sc_hd__or4_1)
     1    0.00                           _27658_ (net)
                  0.04    0.00    4.66 ^ hold5/A (sky130_fd_sc_hd__clkdlybuf4s25_1)
                  0.07    0.25    4.91 ^ hold5/X (sky130_fd_sc_hd__clkdlybuf4s25_1)
     1    0.01                           net188 (net)
                  0.07    0.00    4.91 ^ _50460_/A2 (sky130_fd_sc_hd__o21ai_1)
                  0.03    0.05    4.96 v _50460_/Y (sky130_fd_sc_hd__o21ai_1)
     1    0.00                           _08461_ (net)
                  0.03    0.00    4.96 v _62083_/D (sky130_fd_sc_hd__dfxtp_1)
                                  4.96   data arrival time

                          0.00    0.00   clock wb_clk_i (rise edge)
                          0.00    0.00   clock source latency
                  1.52    1.16    1.16 ^ wb_clk_i (in)
     2    0.19                           wb_clk_i (net)
                  1.53    0.00    1.16 ^ clkbuf_0_wb_clk_i/A (sky130_fd_sc_hd__clkbuf_16)
                  0.09    0.37    1.53 ^ clkbuf_0_wb_clk_i/X (sky130_fd_sc_hd__clkbuf_16)
     4    0.03                           clknet_0_wb_clk_i (net)
                  0.09    0.00    1.53 ^ clkbuf_1_0_0_wb_clk_i/A (sky130_fd_sc_hd__clkbuf_2)
                  0.09    0.16    1.69 ^ clkbuf_1_0_0_wb_clk_i/X (sky130_fd_sc_hd__clkbuf_2)
     1    0.01                           clknet_1_0_0_wb_clk_i (net)
                  0.09    0.00    1.69 ^ clkbuf_1_0_1_wb_clk_i/A (sky130_fd_sc_hd__clkbuf_2)
                  0.09    0.16    1.85 ^ clkbuf_1_0_1_wb_clk_i/X (sky130_fd_sc_hd__clkbuf_2)
     1    0.01                           clknet_1_0_1_wb_clk_i (net)
                  0.09    0.00    1.85 ^ clkbuf_1_0_2_wb_clk_i/A (sky130_fd_sc_hd__clkbuf_2)
                  0.29    0.30    2.15 ^ clkbuf_1_0_2_wb_clk_i/X (sky130_fd_sc_hd__clkbuf_2)
     4    0.05                           clknet_1_0_2_wb_clk_i (net)
                  0.29    0.00    2.16 ^ clkbuf_2_1_0_wb_clk_i/A (sky130_fd_sc_hd__clkbuf_2)
                  0.08    0.21    2.37 ^ clkbuf_2_1_0_wb_clk_i/X (sky130_fd_sc_hd__clkbuf_2)
     1    0.01                           clknet_2_1_0_wb_clk_i (net)
                  0.08    0.00    2.37 ^ clkbuf_2_1_1_wb_clk_i/A (sky130_fd_sc_hd__clkbuf_2)
                  0.23    0.26    2.63 ^ clkbuf_2_1_1_wb_clk_i/X (sky130_fd_sc_hd__clkbuf_2)
     4    0.04                           clknet_2_1_1_wb_clk_i (net)
                  0.23    0.00    2.63 ^ clkbuf_3_3_0_wb_clk_i/A (sky130_fd_sc_hd__clkbuf_2)
                  0.07    0.19    2.82 ^ clkbuf_3_3_0_wb_clk_i/X (sky130_fd_sc_hd__clkbuf_2)
     1    0.01                           clknet_3_3_0_wb_clk_i (net)
                  0.07    0.00    2.82 ^ clkbuf_3_3_1_wb_clk_i/A (sky130_fd_sc_hd__clkbuf_2)
                  0.16    0.20    3.03 ^ clkbuf_3_3_1_wb_clk_i/X (sky130_fd_sc_hd__clkbuf_2)
     4    0.03                           clknet_3_3_1_wb_clk_i (net)
                  0.16    0.00    3.03 ^ clkbuf_4_6_0_wb_clk_i/A (sky130_fd_sc_hd__clkbuf_2)
                  0.24    0.29    3.32 ^ clkbuf_4_6_0_wb_clk_i/X (sky130_fd_sc_hd__clkbuf_2)
     4    0.04                           clknet_4_6_0_wb_clk_i (net)
                  0.24    0.00    3.32 ^ clkbuf_5_13_0_wb_clk_i/A (sky130_fd_sc_hd__clkbuf_2)
                  1.54    1.24    4.56 ^ clkbuf_5_13_0_wb_clk_i/X (sky130_fd_sc_hd__clkbuf_2)
    32    0.29                           clknet_5_13_0_wb_clk_i (net)
                  1.55    0.05    4.60 ^ clkbuf_leaf_155_wb_clk_i/A (sky130_fd_sc_hd__clkbuf_16)
                  0.10    0.39    4.99 ^ clkbuf_leaf_155_wb_clk_i/X (sky130_fd_sc_hd__clkbuf_16)
    16    0.05                           clknet_leaf_155_wb_clk_i (net)
                  0.10    0.00    5.00 ^ _62083_/CLK (sky130_fd_sc_hd__dfxtp_1)
                          0.25    5.25   clock uncertainty
                         -0.15    5.10   clock reconvergence pessimism
                         -0.03    5.07   library hold time
                                  5.07   data required time
-----------------------------------------------------------------------------
                                  5.07   data required time
                                 -4.96   data arrival time
-----------------------------------------------------------------------------
                                 -0.11   slack (VIOLATED)


Startpoint: _64339_ (rising edge-triggered flip-flop clocked by wb_clk_i)
Endpoint: _64357_ (rising edge-triggered flip-flop clocked by wb_clk_i)
Path Group: wb_clk_i
Path Type: min

Fanout     Cap    Slew   Delay    Time   Description
-----------------------------------------------------------------------------
                          0.00    0.00   clock wb_clk_i (rise edge)
                          0.00    0.00   clock source latency
                  1.52    1.05    1.05 ^ wb_clk_i (in)
     2    0.19                           wb_clk_i (net)
                  1.53    0.00    1.05 ^ clkbuf_0_wb_clk_i/A (sky130_fd_sc_hd__clkbuf_16)
                  0.09    0.33    1.39 ^ clkbuf_0_wb_clk_i/X (sky130_fd_sc_hd__clkbuf_16)
     4    0.03                           clknet_0_wb_clk_i (net)
                  0.09    0.00    1.39 ^ clkbuf_1_1_0_wb_clk_i/A (sky130_fd_sc_hd__clkbuf_2)
                  0.08    0.14    1.53 ^ clkbuf_1_1_0_wb_clk_i/X (sky130_fd_sc_hd__clkbuf_2)
     1    0.01                           clknet_1_1_0_wb_clk_i (net)
                  0.08    0.00    1.53 ^ clkbuf_1_1_1_wb_clk_i/A (sky130_fd_sc_hd__clkbuf_2)
                  0.07    0.13    1.66 ^ clkbuf_1_1_1_wb_clk_i/X (sky130_fd_sc_hd__clkbuf_2)
     1    0.01                           clknet_1_1_1_wb_clk_i (net)
                  0.07    0.00    1.66 ^ clkbuf_1_1_2_wb_clk_i/A (sky130_fd_sc_hd__clkbuf_2)
                  0.39    0.33    1.99 ^ clkbuf_1_1_2_wb_clk_i/X (sky130_fd_sc_hd__clkbuf_2)
     4    0.07                           clknet_1_1_2_wb_clk_i (net)
                  0.39    0.01    2.00 ^ clkbuf_2_2_0_wb_clk_i/A (sky130_fd_sc_hd__clkbuf_2)
                  0.08    0.21    2.21 ^ clkbuf_2_2_0_wb_clk_i/X (sky130_fd_sc_hd__clkbuf_2)
     1    0.01                           clknet_2_2_0_wb_clk_i (net)
                  0.08    0.00    2.21 ^ clkbuf_2_2_1_wb_clk_i/A (sky130_fd_sc_hd__clkbuf_2)
                  0.20    0.21    2.42 ^ clkbuf_2_2_1_wb_clk_i/X (sky130_fd_sc_hd__clkbuf_2)
     4    0.04                           clknet_2_2_1_wb_clk_i (net)
                  0.20    0.00    2.43 ^ clkbuf_3_4_0_wb_clk_i/A (sky130_fd_sc_hd__clkbuf_2)
                  0.09    0.18    2.60 ^ clkbuf_3_4_0_wb_clk_i/X (sky130_fd_sc_hd__clkbuf_2)
     1    0.01                           clknet_3_4_0_wb_clk_i (net)
                  0.09    0.00    2.61 ^ clkbuf_3_4_1_wb_clk_i/A (sky130_fd_sc_hd__clkbuf_2)
                  0.21    0.22    2.83 ^ clkbuf_3_4_1_wb_clk_i/X (sky130_fd_sc_hd__clkbuf_2)
     4    0.04                           clknet_3_4_1_wb_clk_i (net)
                  0.21    0.00    2.83 ^ clkbuf_4_9_0_wb_clk_i/A (sky130_fd_sc_hd__clkbuf_2)
                  0.24    0.27    3.11 ^ clkbuf_4_9_0_wb_clk_i/X (sky130_fd_sc_hd__clkbuf_2)
     4    0.04                           clknet_4_9_0_wb_clk_i (net)
                  0.24    0.00    3.11 ^ clkbuf_5_19_0_wb_clk_i/A (sky130_fd_sc_hd__clkbuf_2)
                  1.00    0.77    3.88 ^ clkbuf_5_19_0_wb_clk_i/X (sky130_fd_sc_hd__clkbuf_2)
    22    0.19                           clknet_5_19_0_wb_clk_i (net)
                  1.00    0.01    3.89 ^ clkbuf_leaf_269_wb_clk_i/A (sky130_fd_sc_hd__clkbuf_16)
                  0.07    0.29    4.18 ^ clkbuf_leaf_269_wb_clk_i/X (sky130_fd_sc_hd__clkbuf_16)
     6    0.03                           clknet_leaf_269_wb_clk_i (net)
                  0.07    0.00    4.18 ^ _64339_/CLK (sky130_fd_sc_hd__dfxtp_2)
                  0.15    0.38    4.57 ^ _64339_/Q (sky130_fd_sc_hd__dfxtp_2)
     7    0.03                           accel.sudoku.puzzle0.cell28.valid[1] (net)
                  0.15    0.00    4.57 ^ _59300_/A0 (sky130_fd_sc_hd__mux2_1)
                  0.04    0.14    4.70 ^ _59300_/X (sky130_fd_sc_hd__mux2_1)
     1    0.00                           _00414_ (net)
                  0.04    0.00    4.70 ^ _43407_/A (sky130_fd_sc_hd__or2b_1)
                  0.05    0.09    4.79 ^ _43407_/X (sky130_fd_sc_hd__or2b_1)
     1    0.00                           _23158_ (net)
                  0.05    0.00    4.79 ^ _43408_/C1 (sky130_fd_sc_hd__o211a_1)
                  0.04    0.12    4.91 ^ _43408_/X (sky130_fd_sc_hd__o211a_1)
     1    0.00                           _10735_ (net)
                  0.04    0.00    4.91 ^ _64357_/D (sky130_fd_sc_hd__dfxtp_1)
                                  4.91   data arrival time

                          0.00    0.00   clock wb_clk_i (rise edge)
                          0.00    0.00   clock source latency
                  1.52    1.16    1.16 ^ wb_clk_i (in)
     2    0.19                           wb_clk_i (net)
                  1.53    0.00    1.16 ^ clkbuf_0_wb_clk_i/A (sky130_fd_sc_hd__clkbuf_16)
                  0.09    0.37    1.53 ^ clkbuf_0_wb_clk_i/X (sky130_fd_sc_hd__clkbuf_16)
     4    0.03                           clknet_0_wb_clk_i (net)
                  0.09    0.00    1.53 ^ clkbuf_1_1_0_wb_clk_i/A (sky130_fd_sc_hd__clkbuf_2)
                  0.08    0.15    1.69 ^ clkbuf_1_1_0_wb_clk_i/X (sky130_fd_sc_hd__clkbuf_2)
     1    0.01                           clknet_1_1_0_wb_clk_i (net)
                  0.08    0.00    1.69 ^ clkbuf_1_1_1_wb_clk_i/A (sky130_fd_sc_hd__clkbuf_2)
                  0.07    0.15    1.83 ^ clkbuf_1_1_1_wb_clk_i/X (sky130_fd_sc_hd__clkbuf_2)
     1    0.01                           clknet_1_1_1_wb_clk_i (net)
                  0.07    0.00    1.84 ^ clkbuf_1_1_2_wb_clk_i/A (sky130_fd_sc_hd__clkbuf_2)
                  0.39    0.36    2.20 ^ clkbuf_1_1_2_wb_clk_i/X (sky130_fd_sc_hd__clkbuf_2)
     4    0.07                           clknet_1_1_2_wb_clk_i (net)
                  0.39    0.02    2.22 ^ clkbuf_2_3_0_wb_clk_i/A (sky130_fd_sc_hd__clkbuf_2)
                  0.09    0.23    2.45 ^ clkbuf_2_3_0_wb_clk_i/X (sky130_fd_sc_hd__clkbuf_2)
     1    0.01                           clknet_2_3_0_wb_clk_i (net)
                  0.09    0.00    2.45 ^ clkbuf_2_3_1_wb_clk_i/A (sky130_fd_sc_hd__clkbuf_2)
                  0.24    0.27    2.72 ^ clkbuf_2_3_1_wb_clk_i/X (sky130_fd_sc_hd__clkbuf_2)
     4    0.04                           clknet_2_3_1_wb_clk_i (net)
                  0.24    0.00    2.72 ^ clkbuf_3_6_0_wb_clk_i/A (sky130_fd_sc_hd__clkbuf_2)
                  0.07    0.19    2.91 ^ clkbuf_3_6_0_wb_clk_i/X (sky130_fd_sc_hd__clkbuf_2)
     1    0.01                           clknet_3_6_0_wb_clk_i (net)
                  0.07    0.00    2.91 ^ clkbuf_3_6_1_wb_clk_i/A (sky130_fd_sc_hd__clkbuf_2)
                  0.19    0.23    3.14 ^ clkbuf_3_6_1_wb_clk_i/X (sky130_fd_sc_hd__clkbuf_2)
     4    0.03                           clknet_3_6_1_wb_clk_i (net)
                  0.19    0.00    3.14 ^ clkbuf_4_12_0_wb_clk_i/A (sky130_fd_sc_hd__clkbuf_2)
                  0.18    0.26    3.40 ^ clkbuf_4_12_0_wb_clk_i/X (sky130_fd_sc_hd__clkbuf_2)
     4    0.03                           clknet_4_12_0_wb_clk_i (net)
                  0.18    0.00    3.40 ^ clkbuf_5_25_0_wb_clk_i/A (sky130_fd_sc_hd__clkbuf_2)
                  1.51    1.20    4.60 ^ clkbuf_5_25_0_wb_clk_i/X (sky130_fd_sc_hd__clkbuf_2)
    26    0.28                           clknet_5_25_0_wb_clk_i (net)
                  1.51    0.02    4.62 ^ clkbuf_leaf_256_wb_clk_i/A (sky130_fd_sc_hd__clkbuf_16)
                  0.09    0.37    4.99 ^ clkbuf_leaf_256_wb_clk_i/X (sky130_fd_sc_hd__clkbuf_16)
     9    0.04                           clknet_leaf_256_wb_clk_i (net)
                  0.09    0.00    4.99 ^ _64357_/CLK (sky130_fd_sc_hd__dfxtp_1)
                          0.25    5.24   clock uncertainty
                         -0.21    5.03   clock reconvergence pessimism
                         -0.02    5.01   library hold time
                                  5.01   data required time
-----------------------------------------------------------------------------
                                  5.01   data required time
                                 -4.91   data arrival time
-----------------------------------------------------------------------------
                                 -0.10   slack (VIOLATED)


Startpoint: _64191_ (rising edge-triggered flip-flop clocked by wb_clk_i)
Endpoint: _64182_ (rising edge-triggered flip-flop clocked by wb_clk_i)
Path Group: wb_clk_i
Path Type: min

Fanout     Cap    Slew   Delay    Time   Description
-----------------------------------------------------------------------------
                          0.00    0.00   clock wb_clk_i (rise edge)
                          0.00    0.00   clock source latency
                  1.52    1.05    1.05 ^ wb_clk_i (in)
     2    0.19                           wb_clk_i (net)
                  1.53    0.00    1.05 ^ clkbuf_0_wb_clk_i/A (sky130_fd_sc_hd__clkbuf_16)
                  0.09    0.33    1.39 ^ clkbuf_0_wb_clk_i/X (sky130_fd_sc_hd__clkbuf_16)
     4    0.03                           clknet_0_wb_clk_i (net)
                  0.09    0.00    1.39 ^ clkbuf_1_1_0_wb_clk_i/A (sky130_fd_sc_hd__clkbuf_2)
                  0.08    0.14    1.53 ^ clkbuf_1_1_0_wb_clk_i/X (sky130_fd_sc_hd__clkbuf_2)
     1    0.01                           clknet_1_1_0_wb_clk_i (net)
                  0.08    0.00    1.53 ^ clkbuf_1_1_1_wb_clk_i/A (sky130_fd_sc_hd__clkbuf_2)
                  0.07    0.13    1.66 ^ clkbuf_1_1_1_wb_clk_i/X (sky130_fd_sc_hd__clkbuf_2)
     1    0.01                           clknet_1_1_1_wb_clk_i (net)
                  0.07    0.00    1.66 ^ clkbuf_1_1_2_wb_clk_i/A (sky130_fd_sc_hd__clkbuf_2)
                  0.39    0.33    1.99 ^ clkbuf_1_1_2_wb_clk_i/X (sky130_fd_sc_hd__clkbuf_2)
     4    0.07                           clknet_1_1_2_wb_clk_i (net)
                  0.39    0.01    2.00 ^ clkbuf_2_2_0_wb_clk_i/A (sky130_fd_sc_hd__clkbuf_2)
                  0.08    0.21    2.21 ^ clkbuf_2_2_0_wb_clk_i/X (sky130_fd_sc_hd__clkbuf_2)
     1    0.01                           clknet_2_2_0_wb_clk_i (net)
                  0.08    0.00    2.21 ^ clkbuf_2_2_1_wb_clk_i/A (sky130_fd_sc_hd__clkbuf_2)
                  0.20    0.21    2.42 ^ clkbuf_2_2_1_wb_clk_i/X (sky130_fd_sc_hd__clkbuf_2)
     4    0.04                           clknet_2_2_1_wb_clk_i (net)
                  0.20    0.00    2.43 ^ clkbuf_3_4_0_wb_clk_i/A (sky130_fd_sc_hd__clkbuf_2)
                  0.09    0.18    2.60 ^ clkbuf_3_4_0_wb_clk_i/X (sky130_fd_sc_hd__clkbuf_2)
     1    0.01                           clknet_3_4_0_wb_clk_i (net)
                  0.09    0.00    2.61 ^ clkbuf_3_4_1_wb_clk_i/A (sky130_fd_sc_hd__clkbuf_2)
                  0.21    0.22    2.83 ^ clkbuf_3_4_1_wb_clk_i/X (sky130_fd_sc_hd__clkbuf_2)
     4    0.04                           clknet_3_4_1_wb_clk_i (net)
                  0.21    0.00    2.83 ^ clkbuf_4_9_0_wb_clk_i/A (sky130_fd_sc_hd__clkbuf_2)
                  0.24    0.27    3.11 ^ clkbuf_4_9_0_wb_clk_i/X (sky130_fd_sc_hd__clkbuf_2)
     4    0.04                           clknet_4_9_0_wb_clk_i (net)
                  0.24    0.00    3.11 ^ clkbuf_5_19_0_wb_clk_i/A (sky130_fd_sc_hd__clkbuf_2)
                  1.00    0.77    3.88 ^ clkbuf_5_19_0_wb_clk_i/X (sky130_fd_sc_hd__clkbuf_2)
    22    0.19                           clknet_5_19_0_wb_clk_i (net)
                  1.00    0.01    3.89 ^ clkbuf_leaf_269_wb_clk_i/A (sky130_fd_sc_hd__clkbuf_16)
                  0.07    0.29    4.18 ^ clkbuf_leaf_269_wb_clk_i/X (sky130_fd_sc_hd__clkbuf_16)
     6    0.03                           clknet_leaf_269_wb_clk_i (net)
                  0.07    0.00    4.18 ^ _64191_/CLK (sky130_fd_sc_hd__dfxtp_2)
                  0.15    0.39    4.57 ^ _64191_/Q (sky130_fd_sc_hd__dfxtp_2)
     5    0.03                           accel.sudoku.puzzle0.cell18.valid[6] (net)
                  0.15    0.00    4.57 ^ _59908_/A0 (sky130_fd_sc_hd__mux2_1)
                  0.04    0.14    4.71 ^ _59908_/X (sky130_fd_sc_hd__mux2_1)
     1    0.00                           _00338_ (net)
                  0.04    0.00    4.71 ^ _43919_/A (sky130_fd_sc_hd__or2b_1)
                  0.04    0.08    4.79 ^ _43919_/X (sky130_fd_sc_hd__or2b_1)
     1    0.00                           _23485_ (net)
                  0.04    0.00    4.79 ^ _43920_/C1 (sky130_fd_sc_hd__o211a_1)
                  0.04    0.12    4.91 ^ _43920_/X (sky130_fd_sc_hd__o211a_1)
     1    0.00                           _10560_ (net)
                  0.04    0.00    4.91 ^ _64182_/D (sky130_fd_sc_hd__dfxtp_1)
                                  4.91   data arrival time

                          0.00    0.00   clock wb_clk_i (rise edge)
                          0.00    0.00   clock source latency
                  1.52    1.16    1.16 ^ wb_clk_i (in)
     2    0.19                           wb_clk_i (net)
                  1.53    0.00    1.16 ^ clkbuf_0_wb_clk_i/A (sky130_fd_sc_hd__clkbuf_16)
                  0.09    0.37    1.53 ^ clkbuf_0_wb_clk_i/X (sky130_fd_sc_hd__clkbuf_16)
     4    0.03                           clknet_0_wb_clk_i (net)
                  0.09    0.00    1.53 ^ clkbuf_1_1_0_wb_clk_i/A (sky130_fd_sc_hd__clkbuf_2)
                  0.08    0.15    1.69 ^ clkbuf_1_1_0_wb_clk_i/X (sky130_fd_sc_hd__clkbuf_2)
     1    0.01                           clknet_1_1_0_wb_clk_i (net)
                  0.08    0.00    1.69 ^ clkbuf_1_1_1_wb_clk_i/A (sky130_fd_sc_hd__clkbuf_2)
                  0.07    0.15    1.83 ^ clkbuf_1_1_1_wb_clk_i/X (sky130_fd_sc_hd__clkbuf_2)
     1    0.01                           clknet_1_1_1_wb_clk_i (net)
                  0.07    0.00    1.84 ^ clkbuf_1_1_2_wb_clk_i/A (sky130_fd_sc_hd__clkbuf_2)
                  0.39    0.36    2.20 ^ clkbuf_1_1_2_wb_clk_i/X (sky130_fd_sc_hd__clkbuf_2)
     4    0.07                           clknet_1_1_2_wb_clk_i (net)
                  0.39    0.02    2.22 ^ clkbuf_2_3_0_wb_clk_i/A (sky130_fd_sc_hd__clkbuf_2)
                  0.09    0.23    2.45 ^ clkbuf_2_3_0_wb_clk_i/X (sky130_fd_sc_hd__clkbuf_2)
     1    0.01                           clknet_2_3_0_wb_clk_i (net)
                  0.09    0.00    2.45 ^ clkbuf_2_3_1_wb_clk_i/A (sky130_fd_sc_hd__clkbuf_2)
                  0.24    0.27    2.72 ^ clkbuf_2_3_1_wb_clk_i/X (sky130_fd_sc_hd__clkbuf_2)
     4    0.04                           clknet_2_3_1_wb_clk_i (net)
                  0.24    0.00    2.72 ^ clkbuf_3_6_0_wb_clk_i/A (sky130_fd_sc_hd__clkbuf_2)
                  0.07    0.19    2.91 ^ clkbuf_3_6_0_wb_clk_i/X (sky130_fd_sc_hd__clkbuf_2)
     1    0.01                           clknet_3_6_0_wb_clk_i (net)
                  0.07    0.00    2.91 ^ clkbuf_3_6_1_wb_clk_i/A (sky130_fd_sc_hd__clkbuf_2)
                  0.19    0.23    3.14 ^ clkbuf_3_6_1_wb_clk_i/X (sky130_fd_sc_hd__clkbuf_2)
     4    0.03                           clknet_3_6_1_wb_clk_i (net)
                  0.19    0.00    3.14 ^ clkbuf_4_12_0_wb_clk_i/A (sky130_fd_sc_hd__clkbuf_2)
                  0.18    0.26    3.40 ^ clkbuf_4_12_0_wb_clk_i/X (sky130_fd_sc_hd__clkbuf_2)
     4    0.03                           clknet_4_12_0_wb_clk_i (net)
                  0.18    0.00    3.40 ^ clkbuf_5_25_0_wb_clk_i/A (sky130_fd_sc_hd__clkbuf_2)
                  1.51    1.20    4.60 ^ clkbuf_5_25_0_wb_clk_i/X (sky130_fd_sc_hd__clkbuf_2)
    26    0.28                           clknet_5_25_0_wb_clk_i (net)
                  1.51    0.02    4.62 ^ clkbuf_leaf_256_wb_clk_i/A (sky130_fd_sc_hd__clkbuf_16)
                  0.09    0.37    4.99 ^ clkbuf_leaf_256_wb_clk_i/X (sky130_fd_sc_hd__clkbuf_16)
     9    0.04                           clknet_leaf_256_wb_clk_i (net)
                  0.09    0.00    4.99 ^ _64182_/CLK (sky130_fd_sc_hd__dfxtp_1)
                          0.25    5.24   clock uncertainty
                         -0.21    5.03   clock reconvergence pessimism
                         -0.02    5.01   library hold time
                                  5.01   data required time
-----------------------------------------------------------------------------
                                  5.01   data required time
                                 -4.91   data arrival time
-----------------------------------------------------------------------------
                                 -0.10   slack (VIOLATED)


Startpoint: _62068_ (rising edge-triggered flip-flop clocked by wb_clk_i)
Endpoint: _62084_ (rising edge-triggered flip-flop clocked by wb_clk_i)
Path Group: wb_clk_i
Path Type: min

Fanout     Cap    Slew   Delay    Time   Description
-----------------------------------------------------------------------------
                          0.00    0.00   clock wb_clk_i (rise edge)
                          0.00    0.00   clock source latency
                  1.52    1.05    1.05 ^ wb_clk_i (in)
     2    0.19                           wb_clk_i (net)
                  1.53    0.00    1.05 ^ clkbuf_0_wb_clk_i/A (sky130_fd_sc_hd__clkbuf_16)
                  0.09    0.33    1.39 ^ clkbuf_0_wb_clk_i/X (sky130_fd_sc_hd__clkbuf_16)
     4    0.03                           clknet_0_wb_clk_i (net)
                  0.09    0.00    1.39 ^ clkbuf_1_1_0_wb_clk_i/A (sky130_fd_sc_hd__clkbuf_2)
                  0.08    0.14    1.53 ^ clkbuf_1_1_0_wb_clk_i/X (sky130_fd_sc_hd__clkbuf_2)
     1    0.01                           clknet_1_1_0_wb_clk_i (net)
                  0.08    0.00    1.53 ^ clkbuf_1_1_1_wb_clk_i/A (sky130_fd_sc_hd__clkbuf_2)
                  0.07    0.13    1.66 ^ clkbuf_1_1_1_wb_clk_i/X (sky130_fd_sc_hd__clkbuf_2)
     1    0.01                           clknet_1_1_1_wb_clk_i (net)
                  0.07    0.00    1.66 ^ clkbuf_1_1_2_wb_clk_i/A (sky130_fd_sc_hd__clkbuf_2)
                  0.39    0.33    1.99 ^ clkbuf_1_1_2_wb_clk_i/X (sky130_fd_sc_hd__clkbuf_2)
     4    0.07                           clknet_1_1_2_wb_clk_i (net)
                  0.39    0.01    2.00 ^ clkbuf_2_3_0_wb_clk_i/A (sky130_fd_sc_hd__clkbuf_2)
                  0.09    0.21    2.21 ^ clkbuf_2_3_0_wb_clk_i/X (sky130_fd_sc_hd__clkbuf_2)
     1    0.01                           clknet_2_3_0_wb_clk_i (net)
                  0.09    0.00    2.21 ^ clkbuf_2_3_1_wb_clk_i/A (sky130_fd_sc_hd__clkbuf_2)
                  0.24    0.25    2.46 ^ clkbuf_2_3_1_wb_clk_i/X (sky130_fd_sc_hd__clkbuf_2)
     4    0.04                           clknet_2_3_1_wb_clk_i (net)
                  0.24    0.00    2.46 ^ clkbuf_3_6_0_wb_clk_i/A (sky130_fd_sc_hd__clkbuf_2)
                  0.07    0.17    2.63 ^ clkbuf_3_6_0_wb_clk_i/X (sky130_fd_sc_hd__clkbuf_2)
     1    0.01                           clknet_3_6_0_wb_clk_i (net)
                  0.07    0.00    2.63 ^ clkbuf_3_6_1_wb_clk_i/A (sky130_fd_sc_hd__clkbuf_2)
                  0.19    0.21    2.84 ^ clkbuf_3_6_1_wb_clk_i/X (sky130_fd_sc_hd__clkbuf_2)
     4    0.03                           clknet_3_6_1_wb_clk_i (net)
                  0.19    0.00    2.84 ^ clkbuf_4_12_0_wb_clk_i/A (sky130_fd_sc_hd__clkbuf_2)
                  0.18    0.23    3.07 ^ clkbuf_4_12_0_wb_clk_i/X (sky130_fd_sc_hd__clkbuf_2)
     4    0.03                           clknet_4_12_0_wb_clk_i (net)
                  0.18    0.00    3.08 ^ clkbuf_5_24_0_wb_clk_i/A (sky130_fd_sc_hd__clkbuf_2)
                  1.08    0.81    3.88 ^ clkbuf_5_24_0_wb_clk_i/X (sky130_fd_sc_hd__clkbuf_2)
    26    0.20                           clknet_5_24_0_wb_clk_i (net)
                  1.08    0.01    3.90 ^ clkbuf_leaf_159_wb_clk_i/A (sky130_fd_sc_hd__clkbuf_16)
                  0.08    0.31    4.21 ^ clkbuf_leaf_159_wb_clk_i/X (sky130_fd_sc_hd__clkbuf_16)
    13    0.04                           clknet_leaf_159_wb_clk_i (net)
                  0.08    0.00    4.21 ^ _62068_/CLK (sky130_fd_sc_hd__dfxtp_1)
                  0.09    0.33    4.54 ^ _62068_/Q (sky130_fd_sc_hd__dfxtp_1)
     2    0.01                           accel.sudoku.puzzle1.count_row[5][1] (net)
                  0.09    0.00    4.54 ^ _50454_/C (sky130_fd_sc_hd__or4_1)
                  0.04    0.11    4.65 ^ _50454_/X (sky130_fd_sc_hd__or4_1)
     1    0.00                           _27655_ (net)
                  0.04    0.00    4.65 ^ hold10/A (sky130_fd_sc_hd__clkdlybuf4s25_1)
                  0.09    0.26    4.91 ^ hold10/X (sky130_fd_sc_hd__clkdlybuf4s25_1)
     1    0.01                           net193 (net)
                  0.09    0.00    4.91 ^ _50456_/A2 (sky130_fd_sc_hd__o21ai_1)
                  0.03    0.06    4.97 v _50456_/Y (sky130_fd_sc_hd__o21ai_1)
     1    0.00                           _08462_ (net)
                  0.03    0.00    4.97 v _62084_/D (sky130_fd_sc_hd__dfxtp_1)
                                  4.97   data arrival time

                          0.00    0.00   clock wb_clk_i (rise edge)
                          0.00    0.00   clock source latency
                  1.52    1.16    1.16 ^ wb_clk_i (in)
     2    0.19                           wb_clk_i (net)
                  1.53    0.00    1.16 ^ clkbuf_0_wb_clk_i/A (sky130_fd_sc_hd__clkbuf_16)
                  0.09    0.37    1.53 ^ clkbuf_0_wb_clk_i/X (sky130_fd_sc_hd__clkbuf_16)
     4    0.03                           clknet_0_wb_clk_i (net)
                  0.09    0.00    1.53 ^ clkbuf_1_0_0_wb_clk_i/A (sky130_fd_sc_hd__clkbuf_2)
                  0.09    0.16    1.69 ^ clkbuf_1_0_0_wb_clk_i/X (sky130_fd_sc_hd__clkbuf_2)
     1    0.01                           clknet_1_0_0_wb_clk_i (net)
                  0.09    0.00    1.69 ^ clkbuf_1_0_1_wb_clk_i/A (sky130_fd_sc_hd__clkbuf_2)
                  0.09    0.16    1.85 ^ clkbuf_1_0_1_wb_clk_i/X (sky130_fd_sc_hd__clkbuf_2)
     1    0.01                           clknet_1_0_1_wb_clk_i (net)
                  0.09    0.00    1.85 ^ clkbuf_1_0_2_wb_clk_i/A (sky130_fd_sc_hd__clkbuf_2)
                  0.29    0.30    2.15 ^ clkbuf_1_0_2_wb_clk_i/X (sky130_fd_sc_hd__clkbuf_2)
     4    0.05                           clknet_1_0_2_wb_clk_i (net)
                  0.29    0.00    2.16 ^ clkbuf_2_1_0_wb_clk_i/A (sky130_fd_sc_hd__clkbuf_2)
                  0.08    0.21    2.37 ^ clkbuf_2_1_0_wb_clk_i/X (sky130_fd_sc_hd__clkbuf_2)
     1    0.01                           clknet_2_1_0_wb_clk_i (net)
                  0.08    0.00    2.37 ^ clkbuf_2_1_1_wb_clk_i/A (sky130_fd_sc_hd__clkbuf_2)
                  0.23    0.26    2.63 ^ clkbuf_2_1_1_wb_clk_i/X (sky130_fd_sc_hd__clkbuf_2)
     4    0.04                           clknet_2_1_1_wb_clk_i (net)
                  0.23    0.00    2.63 ^ clkbuf_3_3_0_wb_clk_i/A (sky130_fd_sc_hd__clkbuf_2)
                  0.07    0.19    2.82 ^ clkbuf_3_3_0_wb_clk_i/X (sky130_fd_sc_hd__clkbuf_2)
     1    0.01                           clknet_3_3_0_wb_clk_i (net)
                  0.07    0.00    2.82 ^ clkbuf_3_3_1_wb_clk_i/A (sky130_fd_sc_hd__clkbuf_2)
                  0.16    0.20    3.03 ^ clkbuf_3_3_1_wb_clk_i/X (sky130_fd_sc_hd__clkbuf_2)
     4    0.03                           clknet_3_3_1_wb_clk_i (net)
                  0.16    0.00    3.03 ^ clkbuf_4_6_0_wb_clk_i/A (sky130_fd_sc_hd__clkbuf_2)
                  0.24    0.29    3.32 ^ clkbuf_4_6_0_wb_clk_i/X (sky130_fd_sc_hd__clkbuf_2)
     4    0.04                           clknet_4_6_0_wb_clk_i (net)
                  0.24    0.00    3.32 ^ clkbuf_5_13_0_wb_clk_i/A (sky130_fd_sc_hd__clkbuf_2)
                  1.54    1.24    4.56 ^ clkbuf_5_13_0_wb_clk_i/X (sky130_fd_sc_hd__clkbuf_2)
    32    0.29                           clknet_5_13_0_wb_clk_i (net)
                  1.55    0.05    4.60 ^ clkbuf_leaf_155_wb_clk_i/A (sky130_fd_sc_hd__clkbuf_16)
                  0.10    0.39    4.99 ^ clkbuf_leaf_155_wb_clk_i/X (sky130_fd_sc_hd__clkbuf_16)
    16    0.05                           clknet_leaf_155_wb_clk_i (net)
                  0.10    0.00    5.00 ^ _62084_/CLK (sky130_fd_sc_hd__dfxtp_1)
                          0.25    5.25   clock uncertainty
                         -0.15    5.10   clock reconvergence pessimism
                         -0.04    5.07   library hold time
                                  5.07   data required time
-----------------------------------------------------------------------------
                                  5.07   data required time
                                 -4.97   data arrival time
-----------------------------------------------------------------------------
                                 -0.09   slack (VIOLATED)


